这是一个测试文件，
如果你看到这个文件，代表着从本地上传到了git仓库。
# 该行时直接在gitee网页新增的